
> proyecto-final@0.0.1 astro C:\Users\IvanJ\Escritorio\Uapa universidad\Programacion 3\Proyecto Final
> astro "build"

[2m13:05:07[22m [34m[content][39m Syncing content
[2m13:05:07[22m [34m[content][39m Synced content
[2m13:05:07[22m [34m[types][39m Generated [2m453ms[22m
[2m13:05:07[22m [34m[build][39m output: [34m"static"[39m
[2m13:05:07[22m [34m[build][39m mode: [34m"static"[39m
[2m13:05:07[22m [34m[build][39m directory: [34mC:\Users\IvanJ\Escritorio\Uapa universidad\Programacion 3\Proyecto Final\dist\[39m
[2m13:05:07[22m [34m[build][39m Collecting build info...
[2m13:05:07[22m [34m[build][39m [32mΓ£ô Completed in 477ms.[39m
[2m13:05:07[22m [34m[build][39m Building static entrypoints...
node.exe : [31m[1m13:05:08[22m [ERROR] [vite][39m [31mΓ£ù[39m 
Build failed in 703ms
At C:\Users\IvanJ\AppData\Roaming\npm\pnpm.ps1:24 char:5
+     & "node$exe"  "$basedir/node_modules/pnpm/bin/pnpm.cjs" $args
+     ~~~~~~~~~~~~~~~~~~~~~~~~~~~~~~~~~~~~~~~~~~~~~~~~~~~~~~~~~~~~~
    + CategoryInfo          : NotSpecified: ([31m[1m13:05:...failed 
    in 703ms:String) [], RemoteException
    + FullyQualifiedErrorId : NativeCommandError
 
[vite]: Rollup failed to resolve import "/pagefind/pagefind.js" from 
"C:/Users/IvanJ/Escritorio/Uapa universidad/Programacion 3/Proyecto 
Final/src/components/SearchBar.tsx".
This is most likely unintended because it can break your application 
at runtime.
If you do want to externalize this module explicitly add it to
`build.rollupOptions.external`
  [1mStack trace:[22m
[2m    at viteLog (file:///C:/Users/IvanJ/Escritorio/Uapa%20universid
ad/Programacion%203/Proyecto%20Final/node_modules/.pnpm/vite@6.4.1/nod
e_modules/vite/dist/node/chunks/dep-D4NMHUTW.js:46374:15)
    at onwarn (file:///C:/Users/IvanJ/Escritorio/Uapa%20universidad/Pr
ogramacion%203/Proyecto%20Final/node_modules/.pnpm/@vitejs+plugin-reac
t@4.7.0_vite@6.4.1/node_modules/@vitejs/plugin-react/dist/index.js:90:
7)
    at onRollupLog (file:///C:/Users/IvanJ/Escritorio/Uapa%20universid
ad/Programacion%203/Proyecto%20Final/node_modules/.pnpm/vite@6.4.1/nod
e_modules/vite/dist/node/chunks/dep-D4NMHUTW.js:46422:5)
    at file:///C:/Users/IvanJ/Escritorio/Uapa%20universidad/Programaci
on%203/Proyecto%20Final/node_modules/.pnpm/rollup@4.59.0/node_modules/
rollup/dist/es/shared/node-entry.js:20981:32
    at ModuleLoader.handleInvalidResolvedId (file:///C:/Users/IvanJ/Es
critorio/Uapa%20universidad/Programacion%203/Proyecto%20Final/node_mod
ules/.pnpm/rollup@4.59.0/node_modules/rollup/dist/es/shared/node-entry
.js:21712:26)[22m
ΓÇëELIFECYCLEΓÇë Command failed with exit code 1.
