
> proyecto-final@0.0.1 build C:\Users\IvanJ\Escritorio\Uapa universidad\Programacion 3\Proyecto Final
> astro build && pagefind --site dist

[2m19:53:21[22m [34m[@astrojs/node][39m Enabling sessions with filesystem storage
[2m19:53:22[22m [34m[content][39m Syncing content
[2m19:53:22[22m [34m[content][39m Synced content
[2m19:53:22[22m [34m[types][39m Generated [2m435ms[22m
[2m19:53:22[22m [34m[build][39m output: [34m"server"[39m
[2m19:53:22[22m [34m[build][39m mode: [34m"server"[39m
[2m19:53:22[22m [34m[build][39m directory: [34mC:\Users\IvanJ\Escritorio\Uapa universidad\Programacion 3\Proyecto Final\dist\[39m
[2m19:53:22[22m [34m[build][39m adapter: [32m@astrojs/node[39m
[2m19:53:22[22m [34m[build][39m Collecting build info...
[2m19:53:22[22m [34m[build][39m [32mΓ£ô Completed in 476ms.[39m
[2m19:53:22[22m [34m[build][39m Building server entrypoints...
node.exe : [31m[1m19:53:23[22m [ERROR] [vite][39m 
[31mΓ£ù[39m Build failed in 888ms
At C:\Users\IvanJ\AppData\Roaming\npm\pnpm.ps1:24 
char:5
+     & "node$exe"  
"$basedir/node_modules/pnpm/bin/pnpm.cjs" $args
+     ~~~~~~~~~~~~~~~~~~~~~~~~~~~~~~~~~~~~~~~~~~~~~~~~
~~~~~~~~~~~~~
    + CategoryInfo          : NotSpecified: ([31m[1 
   m19:53:...failed in 888ms:String) [], RemoteExcep  
  tion
    + FullyQualifiedErrorId : NativeCommandError
 
Could not resolve "../layouts/Layout.astro" from 
"src/pages/en/login.astro"
file: C:/Users/IvanJ/Escritorio/Uapa 
universidad/Programacion 3/Proyecto 
Final/src/pages/en/login.astro
  [1mStack trace:[22m
[2m    at getRollupError (file:///C:/Users/IvanJ/Escr
itorio/Uapa%20universidad/Programacion%203/Proyecto%20
Final/node_modules/.pnpm/rollup@4.59.0/node_modules/ro
llup/dist/es/shared/parseAst.js:402:41)
    at ModuleLoader.handleInvalidResolvedId (file:///C
:/Users/IvanJ/Escritorio/Uapa%20universidad/Programaci
on%203/Proyecto%20Final/node_modules/.pnpm/rollup@4.59
.0/node_modules/rollup/dist/es/shared/node-entry.js:21
710:24)[22m
ΓÇëELIFECYCLEΓÇë Command failed with exit code 1.
